[index=43] dial="Cthulhuland CTH CTL petdaycare" reason=no_teleport
[index=91] dial="N/A" reason=no_teleport
[index=140] dial="N/A" reason=no_teleport
[index=167] dial="N/A" reason=no_teleport
[index=183] dial="N/A" reason=no_teleport
[index=200] dial="N/A" reason=no_teleport
[index=204] dial="N/A" reason=no_teleport
[index=205] dial="N/A" reason=no_teleport
[index=208] dial="N/A" reason=no_teleport
[index=295] dial="N/A" reason=no_teleport
[index=305] dial="Borderline" reason=no_teleport
[index=319] dial="OakBoat" reason=no_teleport
[index=336] dial="DAKTOINC Dakto_2 hotel luxery_rooms Daktorage" reason=no_teleport
[index=373] dial="CLE" reason=no_teleport
[index=379] dial="N/A" reason=no_teleport
[index=383] dial="N/A" reason=no_teleport
[index=385] dial="lighthouse" reason=no_teleport
[index=389] dial="philosophy" reason=no_teleport
[index=417] dial="Zablord42" reason=no_teleport
[index=427] dial="sakura-grove" reason=no_teleport
[index=444] dial="fornite hogwarts e 2 minecraft" reason=no_teleport
[index=463] dial="seasonal Seasonal" reason=no_teleport
[index=470] dial="starlight2" reason=no_teleport
[index=499] dial="tec" reason=no_teleport
[index=507] dial="Ziesing_Racing" reason=no_teleport
[index=550] dial="N/A" reason=no_teleport
[index=551] dial="N/A" reason=no_teleport
[index=553] dial="skycabin" reason=no_teleport
[index=561] dial="aerie" reason=no_teleport
[index=614] dial="purge" reason=no_teleport
[index=685] dial="housewall" reason=no_teleport
[index=687] dial="loki" reason=no_teleport
[index=705] dial="nilk" reason=no_teleport
[index=713] dial="N/A" reason=no_teleport
[index=716] dial="privatespshop" reason=no_teleport
[index=717] dial="Akron" reason=no_teleport
[index=722] dial="new_2" reason=no_teleport
[index=736] dial="rbosded" reason=no_teleport
[index=774] dial="CTC" reason=no_teleport
[index=796] dial="N/A" reason=no_teleport
[index=822] dial="CommodorePlus" reason=no_teleport
[index=846] dial="netherfort" reason=no_teleport
[index=849] dial="The_pound" reason=no_teleport
[index=889] dial="N/A" reason=no_teleport
[index=901] dial="covvlwe" reason=no_teleport
[index=908] dial="N/A" reason=no_teleport
[index=951] dial="archive/Archive" reason=no_teleport
[index=994] dial="dail mk" reason=no_teleport
[index=1024] dial="usnw" reason=no_teleport
[index=1027] dial="" reason=invalid_empty
[index=1029] dial="atomiron" reason=no_teleport
[index=1033] dial="" reason=invalid_empty
[index=1035] dial="" reason=invalid_empty
[index=1048] dial="" reason=invalid_empty
[index=1055] dial="" reason=invalid_empty
[index=1065] dial="" reason=invalid_empty
[index=1076] dial="betheballl" reason=no_teleport
[index=1082] dial="" reason=invalid_empty
[index=1083] dial="dashingfarms" reason=no_teleport
[index=1085] dial="/dial styx" reason=no_teleport
[index=1086] dial="/dial milkvania" reason=no_teleport
[index=1087] dial="novy_moment" reason=no_teleport
[index=1097] dial="Loeepy" reason=no_teleport
[index=1098] dial="taca-base" reason=no_teleport
[index=1108] dial="sranje" reason=no_teleport
[index=1111] dial="southeast" reason=no_teleport
[index=1113] dial="namix" reason=no_teleport
[index=1119] dial="" reason=invalid_empty
[index=1122] dial="" reason=invalid_empty
